[error] Failed to fetch Firebase Project from Studio Workspace because WORKSPACE_SLUG environment variable is empty
[error] Failed to fetch Firebase Project from Studio Workspace because WORKSPACE_SLUG environment variable is empty
[error] Failed to fetch Firebase Project from Studio Workspace because WORKSPACE_SLUG environment variable is empty
[error] Failed to fetch Firebase Project from Studio Workspace because WORKSPACE_SLUG environment variable is empty
[debug] [2026-01-14T14:06:02.888Z] > command requires scopes: ["email","openid","https://www.googleapis.com/auth/cloudplatformprojects.readonly","https://www.googleapis.com/auth/firebase","https://www.googleapis.com/auth/cloud-platform","https://www.googleapis.com/auth/userinfo.email"]
[debug] [2026-01-14T14:06:02.892Z] > authorizing via signed-in user (appjxn@gmail.com)
[debug] [2026-01-14T14:06:02.895Z] Checked if tokens are valid: false, expires at: 1768399022049
[debug] [2026-01-14T14:06:02.896Z] Checked if tokens are valid: false, expires at: 1768399022049
[debug] [2026-01-14T14:06:02.896Z] > refreshing access token with scopes: []
[debug] [2026-01-14T14:06:02.900Z] >>> [apiv2][query] POST https://www.googleapis.com/oauth2/v3/token [none]
[debug] [2026-01-14T14:06:02.900Z] >>> [apiv2][body] POST https://www.googleapis.com/oauth2/v3/token [omitted]
[debug] [2026-01-14T14:06:02.903Z] > command requires scopes: ["email","openid","https://www.googleapis.com/auth/cloudplatformprojects.readonly","https://www.googleapis.com/auth/firebase","https://www.googleapis.com/auth/cloud-platform","https://www.googleapis.com/auth/userinfo.email"]
[debug] [2026-01-14T14:06:02.904Z] > authorizing via signed-in user (appjxn@gmail.com)
[debug] [2026-01-14T14:06:02.904Z] Checked if tokens are valid: false, expires at: 1768399022049
[debug] [2026-01-14T14:06:02.904Z] Checked if tokens are valid: false, expires at: 1768399022049
[debug] [2026-01-14T14:06:02.905Z] > refreshing access token with scopes: []
[debug] [2026-01-14T14:06:02.905Z] >>> [apiv2][query] POST https://www.googleapis.com/oauth2/v3/token [none]
[debug] [2026-01-14T14:06:02.905Z] >>> [apiv2][body] POST https://www.googleapis.com/oauth2/v3/token [omitted]
[debug] [2026-01-14T14:06:02.992Z] <<< [apiv2][status] POST https://www.googleapis.com/oauth2/v3/token 200
[debug] [2026-01-14T14:06:02.995Z] <<< [apiv2][body] POST https://www.googleapis.com/oauth2/v3/token [omitted]
[debug] [2026-01-14T14:06:03.016Z] >>> [apiv2][query] GET https://cloudbilling.googleapis.com/v1/projects/bizcentral1-31429890-418b0/billingInfo [none]
[debug] [2026-01-14T14:06:03.039Z] <<< [apiv2][status] POST https://www.googleapis.com/oauth2/v3/token 200
[debug] [2026-01-14T14:06:03.040Z] <<< [apiv2][body] POST https://www.googleapis.com/oauth2/v3/token [omitted]
[debug] [2026-01-14T14:06:03.054Z] >>> [apiv2][query] GET https://cloudbilling.googleapis.com/v1/projects/bizcentral1-31429890-418b0/billingInfo [none]
[debug] [2026-01-14T14:06:04.114Z] <<< [apiv2][status] GET https://cloudbilling.googleapis.com/v1/projects/bizcentral1-31429890-418b0/billingInfo 200
[debug] [2026-01-14T14:06:04.115Z] <<< [apiv2][body] GET https://cloudbilling.googleapis.com/v1/projects/bizcentral1-31429890-418b0/billingInfo {"name":"projects/bizcentral1-31429890-418b0/billingInfo","projectId":"bizcentral1-31429890-418b0","billingAccountName":"billingAccounts/013C96-9AE302-5E2CB8","billingEnabled":true}
[debug] [2026-01-14T14:06:04.137Z] Checked if tokens are valid: true, expires at: 1768403162040
[debug] [2026-01-14T14:06:04.137Z] Checked if tokens are valid: true, expires at: 1768403162040
[debug] [2026-01-14T14:06:04.158Z] Checked if tokens are valid: true, expires at: 1768403162040
[debug] [2026-01-14T14:06:04.158Z] Checked if tokens are valid: true, expires at: 1768403162040
[debug] [2026-01-14T14:06:04.158Z] >>> [apiv2][query] GET https://serviceusage.googleapis.com/v1/projects/bizcentral1-31429890-418b0/services/firebasedataconnect.googleapis.com [none]
[debug] [2026-01-14T14:06:04.158Z] >>> [apiv2][(partial)header] GET https://serviceusage.googleapis.com/v1/projects/bizcentral1-31429890-418b0/services/firebasedataconnect.googleapis.com x-goog-quota-user=projects/bizcentral1-31429890-418b0
[debug] [2026-01-14T14:06:04.160Z] >>> [apiv2][query] GET https://serviceusage.googleapis.com/v1/projects/bizcentral1-31429890-418b0/services/firebaseio.com [none]
[debug] [2026-01-14T14:06:04.160Z] >>> [apiv2][(partial)header] GET https://serviceusage.googleapis.com/v1/projects/bizcentral1-31429890-418b0/services/firebaseio.com x-goog-quota-user=projects/bizcentral1-31429890-418b0
[debug] [2026-01-14T14:06:04.328Z] <<< [apiv2][status] GET https://cloudbilling.googleapis.com/v1/projects/bizcentral1-31429890-418b0/billingInfo 200
[debug] [2026-01-14T14:06:04.329Z] <<< [apiv2][body] GET https://cloudbilling.googleapis.com/v1/projects/bizcentral1-31429890-418b0/billingInfo {"name":"projects/bizcentral1-31429890-418b0/billingInfo","projectId":"bizcentral1-31429890-418b0","billingAccountName":"billingAccounts/013C96-9AE302-5E2CB8","billingEnabled":true}
[debug] [2026-01-14T14:06:04.332Z] Checked if tokens are valid: true, expires at: 1768403162040
[debug] [2026-01-14T14:06:04.334Z] Checked if tokens are valid: true, expires at: 1768403162040
[debug] [2026-01-14T14:06:04.342Z] Checked if tokens are valid: true, expires at: 1768403162040
[debug] [2026-01-14T14:06:04.342Z] Checked if tokens are valid: true, expires at: 1768403162040
[debug] [2026-01-14T14:06:04.342Z] >>> [apiv2][query] GET https://serviceusage.googleapis.com/v1/projects/bizcentral1-31429890-418b0/services/firebasedataconnect.googleapis.com [none]
[debug] [2026-01-14T14:06:04.342Z] >>> [apiv2][(partial)header] GET https://serviceusage.googleapis.com/v1/projects/bizcentral1-31429890-418b0/services/firebasedataconnect.googleapis.com x-goog-quota-user=projects/bizcentral1-31429890-418b0
[debug] [2026-01-14T14:06:04.344Z] >>> [apiv2][query] GET https://serviceusage.googleapis.com/v1/projects/bizcentral1-31429890-418b0/services/firebaseio.com [none]
[debug] [2026-01-14T14:06:04.344Z] >>> [apiv2][(partial)header] GET https://serviceusage.googleapis.com/v1/projects/bizcentral1-31429890-418b0/services/firebaseio.com x-goog-quota-user=projects/bizcentral1-31429890-418b0
[debug] [2026-01-14T14:06:05.286Z] <<< [apiv2][status] GET https://serviceusage.googleapis.com/v1/projects/bizcentral1-31429890-418b0/services/firebasedataconnect.googleapis.com 200
[debug] [2026-01-14T14:06:05.293Z] <<< [apiv2][body] GET https://serviceusage.googleapis.com/v1/projects/bizcentral1-31429890-418b0/services/firebasedataconnect.googleapis.com [omitted]
[debug] [2026-01-14T14:06:05.321Z] <<< [apiv2][status] GET https://serviceusage.googleapis.com/v1/projects/bizcentral1-31429890-418b0/services/firebaseio.com 403
[debug] [2026-01-14T14:06:05.321Z] <<< [apiv2][body] GET https://serviceusage.googleapis.com/v1/projects/bizcentral1-31429890-418b0/services/firebaseio.com [omitted]
[debug] [2026-01-14T14:06:05.398Z] <<< [apiv2][status] GET https://serviceusage.googleapis.com/v1/projects/bizcentral1-31429890-418b0/services/firebaseio.com 403
[debug] [2026-01-14T14:06:05.398Z] <<< [apiv2][body] GET https://serviceusage.googleapis.com/v1/projects/bizcentral1-31429890-418b0/services/firebaseio.com [omitted]
[debug] [2026-01-14T14:06:05.470Z] <<< [apiv2][status] GET https://serviceusage.googleapis.com/v1/projects/bizcentral1-31429890-418b0/services/firebasedataconnect.googleapis.com 200
[debug] [2026-01-14T14:06:05.470Z] <<< [apiv2][body] GET https://serviceusage.googleapis.com/v1/projects/bizcentral1-31429890-418b0/services/firebasedataconnect.googleapis.com [omitted]
[error] Failed to fetch Firebase Project from Studio Workspace because WORKSPACE_SLUG environment variable is empty
[error] Failed to fetch Firebase Project from Studio Workspace because WORKSPACE_SLUG environment variable is empty
[error] Failed to fetch Firebase Project from Studio Workspace because WORKSPACE_SLUG environment variable is empty
[debug] [2026-01-14T14:06:05.489Z] > command requires scopes: ["email","openid","https://www.googleapis.com/auth/cloudplatformprojects.readonly","https://www.googleapis.com/auth/firebase","https://www.googleapis.com/auth/cloud-platform","https://www.googleapis.com/auth/userinfo.email"]
[debug] [2026-01-14T14:06:05.489Z] > authorizing via signed-in user (appjxn@gmail.com)
[debug] [2026-01-14T14:06:05.489Z] Checked if tokens are valid: true, expires at: 1768403162040
[debug] [2026-01-14T14:06:05.489Z] Checked if tokens are valid: true, expires at: 1768403162040
[debug] [2026-01-14T14:06:05.491Z] >>> [apiv2][query] GET https://cloudbilling.googleapis.com/v1/projects/bizcentral1-31429890-418b0/billingInfo [none]
[debug] [2026-01-14T14:06:06.562Z] <<< [apiv2][status] GET https://cloudbilling.googleapis.com/v1/projects/bizcentral1-31429890-418b0/billingInfo 200
[debug] [2026-01-14T14:06:06.562Z] <<< [apiv2][body] GET https://cloudbilling.googleapis.com/v1/projects/bizcentral1-31429890-418b0/billingInfo {"name":"projects/bizcentral1-31429890-418b0/billingInfo","projectId":"bizcentral1-31429890-418b0","billingAccountName":"billingAccounts/013C96-9AE302-5E2CB8","billingEnabled":true}
[error] Failed to fetch Firebase Project from Studio Workspace because WORKSPACE_SLUG environment variable is empty
[debug] [2026-01-14T14:06:06.567Z] > command requires scopes: ["email","openid","https://www.googleapis.com/auth/cloudplatformprojects.readonly","https://www.googleapis.com/auth/firebase","https://www.googleapis.com/auth/cloud-platform","https://www.googleapis.com/auth/userinfo.email"]
[debug] [2026-01-14T14:06:06.567Z] > authorizing via signed-in user (appjxn@gmail.com)
[error] Failed to fetch Firebase Project from Studio Workspace because WORKSPACE_SLUG environment variable is empty
[error] Failed to fetch Firebase Project from Studio Workspace because WORKSPACE_SLUG environment variable is empty
[error] Failed to fetch Firebase Project from Studio Workspace because WORKSPACE_SLUG environment variable is empty
[error] Failed to fetch Firebase Project from Studio Workspace because WORKSPACE_SLUG environment variable is empty
[debug] [2026-01-14T14:06:06.621Z] > command requires scopes: ["email","openid","https://www.googleapis.com/auth/cloudplatformprojects.readonly","https://www.googleapis.com/auth/firebase","https://www.googleapis.com/auth/cloud-platform","https://www.googleapis.com/auth/userinfo.email"]
[debug] [2026-01-14T14:06:06.621Z] > authorizing via signed-in user (appjxn@gmail.com)
[debug] [2026-01-14T14:06:06.621Z] Checked if tokens are valid: true, expires at: 1768403162040
[debug] [2026-01-14T14:06:06.622Z] Checked if tokens are valid: true, expires at: 1768403162040
[debug] [2026-01-14T14:06:06.622Z] >>> [apiv2][query] GET https://cloudbilling.googleapis.com/v1/projects/bizcentral1-31429890-418b0/billingInfo [none]
[error] Failed to fetch Firebase Project from Studio Workspace because WORKSPACE_SLUG environment variable is empty
[error] Failed to fetch Firebase Project from Studio Workspace because WORKSPACE_SLUG environment variable is empty
[debug] [2026-01-14T14:06:06.654Z] > command requires scopes: ["email","openid","https://www.googleapis.com/auth/cloudplatformprojects.readonly","https://www.googleapis.com/auth/firebase","https://www.googleapis.com/auth/cloud-platform","https://www.googleapis.com/auth/userinfo.email"]
[debug] [2026-01-14T14:06:06.654Z] > authorizing via signed-in user (appjxn@gmail.com)
[debug] [2026-01-14T14:06:06.654Z] Checked if tokens are valid: true, expires at: 1768403162040
[debug] [2026-01-14T14:06:06.654Z] Checked if tokens are valid: true, expires at: 1768403162040
[debug] [2026-01-14T14:06:06.655Z] >>> [apiv2][query] GET https://cloudbilling.googleapis.com/v1/projects/bizcentral1-31429890-418b0/billingInfo [none]
[debug] [2026-01-14T14:06:07.661Z] <<< [apiv2][status] GET https://cloudbilling.googleapis.com/v1/projects/bizcentral1-31429890-418b0/billingInfo 200
[debug] [2026-01-14T14:06:07.662Z] <<< [apiv2][body] GET https://cloudbilling.googleapis.com/v1/projects/bizcentral1-31429890-418b0/billingInfo {"name":"projects/bizcentral1-31429890-418b0/billingInfo","projectId":"bizcentral1-31429890-418b0","billingAccountName":"billingAccounts/013C96-9AE302-5E2CB8","billingEnabled":true}
[error] Failed to fetch Firebase Project from Studio Workspace because WORKSPACE_SLUG environment variable is empty
[debug] [2026-01-14T14:06:07.664Z] > command requires scopes: ["email","openid","https://www.googleapis.com/auth/cloudplatformprojects.readonly","https://www.googleapis.com/auth/firebase","https://www.googleapis.com/auth/cloud-platform","https://www.googleapis.com/auth/userinfo.email"]
[debug] [2026-01-14T14:06:07.664Z] > authorizing via signed-in user (appjxn@gmail.com)
[debug] [2026-01-14T14:06:07.736Z] <<< [apiv2][status] GET https://cloudbilling.googleapis.com/v1/projects/bizcentral1-31429890-418b0/billingInfo 200
[debug] [2026-01-14T14:06:07.737Z] <<< [apiv2][body] GET https://cloudbilling.googleapis.com/v1/projects/bizcentral1-31429890-418b0/billingInfo {"name":"projects/bizcentral1-31429890-418b0/billingInfo","projectId":"bizcentral1-31429890-418b0","billingAccountName":"billingAccounts/013C96-9AE302-5E2CB8","billingEnabled":true}
[error] Failed to fetch Firebase Project from Studio Workspace because WORKSPACE_SLUG environment variable is empty
[debug] [2026-01-14T14:06:07.747Z] > command requires scopes: ["email","openid","https://www.googleapis.com/auth/cloudplatformprojects.readonly","https://www.googleapis.com/auth/firebase","https://www.googleapis.com/auth/cloud-platform","https://www.googleapis.com/auth/userinfo.email"]
[debug] [2026-01-14T14:06:07.747Z] > authorizing via signed-in user (appjxn@gmail.com)
